******************************************************************************
                  TI ARM Linker PC v18.1.3                     
******************************************************************************
>> Linked Fri Sep 28 23:27:19 2018

OUTPUT FILE NAME:   <timerled_CC3220SF_LAUNCHXL_tirtos_ccs.out>
ENTRY POINT SYMBOL: "_c_int00"  address: 01003d85


MEMORY CONFIGURATION

         name            origin    length      used     unused   attr    fill
----------------------  --------  ---------  --------  --------  ----  --------
  FLASH_HDR             01000000   000007ff  00000000  000007ff  R  X
  FLASH                 01000800   000ff800  00005456  000fa3aa  R  X
  SRAM                  20000000   00040000  000094fc  00036b04  RW X


SEGMENT ALLOCATION MAP

run origin  load origin   length   init length attrs members
----------  ----------- ---------- ----------- ----- -------
01000800    01000800    00005460   00005460    r-x
  01000800    01000800    0000003c   0000003c    r-- .resetVecs
  01000840    01000840    00004ad2   00004ad2    r-x .text
  01005314    01005314    000006e0   000006e0    r-- .const
  010059f8    010059f8    00000268   00000268    r-- .cinit
20000310    20000310    00008000   00000000    r--
  20000310    20000310    00008000   00000000    r-- .priheap
20008310    20008310    00000df0   00000000    rw-
  20008310    20008310    00000714   00000000    rw- .bss
  20008a24    20008a24    000006dc   00000000    rw- .data
2003fc00    2003fc00    00000400   00000000    rw-
  2003fc00    2003fc00    00000400   00000000    rw- .stack


SECTION ALLOCATION MAP

 output                                  attributes/
section   page    origin      length       input sections
--------  ----  ----------  ----------   ----------------
.text      0    01000840    00004ad2     
                  01000840    0000042c     driverlib.a : prcm.obj (.text:PRCMCC3200MCUInit)
                  01000c6c    000001c8     drivers_cc32xx.aem4 : GPIOCC32XX.oem4 (.text:GPIO_setConfig)
                  01000e34    00000158     dpl_cc32xx.aem4 : PowerCC32XX_tirtos.oem4 (.text:PowerCC32XX_sleepPolicy)
                  01000f8c    00000150     drivers_cc32xx.aem4 : PowerCC32XX.oem4 (.text:parkPins)
                  010010dc    00000004     dpl_cc32xx.aem4 : ClockP_tirtos.oem4 (.text:ClockP_getCpuFreq)
                  010010e0    00000130     sysbios.aem4 : BIOS.obj (.text:ti_sysbios_knl_Semaphore_pend__E)
                  01001210    00000128     drivers_cc32xx.aem4 : TimerCC32XX.oem4 (.text:TimerCC32XX_open)
                  01001338    0000011c     sysbios.aem4 : BIOS.obj (.text:xdc_runtime_Startup_startMods__I)
                  01001454    00000118     drivers_cc32xx.aem4 : PowerCC32XX.oem4 (.text:Power_sleep)
                  0100156c    00000004     dpl_cc32xx.aem4 : HwiP_tirtos.oem4 (.text:HwiP_clearInterrupt)
                  01001570    00000110     sysbios.aem4 : BIOS.obj (.text:ti_sysbios_knl_Task_postInit__I)
                  01001680    00000104                  : BIOS.obj (.text:ti_sysbios_knl_Task_Instance_finalize__E)
                  01001784    00000004     dpl_cc32xx.aem4 : HwiP_tirtos.oem4 (.text:HwiP_disable)
                  01001788    000000ec     sysbios.aem4 : BIOS.obj (.text:pthread_create)
                  01001874    00000004     dpl_cc32xx.aem4 : SemaphoreP_tirtos.oem4 (.text:SemaphoreP_post)
                  01001878    000000ec     sysbios.aem4 : BIOS.obj (.text:ti_sysbios_knl_Task_Instance_init__E)
                  01001964    00000004     release_pem4.oem4 (.text:ti_sysbios_BIOS_RtsGateProxy_enter__E)
                  01001968    000000d0     sysbios.aem4 : BIOS.obj (.text:ti_sysbios_heaps_HeapMem_alloc__E)
                  01001a38    000000cc                  : m3_Hwi_asm.obj (.text:ti_sysbios_family_arm_m3_Hwi_dispatch__I)
                  01001b04    000000c4     drivers_cc32xx.aem4 : GPIOCC32XX.oem4 (.text:GPIO_init)
                  01001bc8    000000bc     sysbios.aem4 : BIOS.obj (.text:xdc_runtime_Core_createObject__I)
                  01001c84    000000b4     drivers_cc32xx.aem4 : PowerCC32XX.oem4 (.text:restoreParkedPins)
                  01001d38    000000a8                         : PowerCC32XX.oem4 (.text:PowerCC32XX_configureWakeup)
                  01001de0    000000a4     sysbios.aem4 : BIOS.obj (.text:ti_sysbios_knl_Task_setPri__E)
                  01001e84    000000a0     auto_init.aem4 : auto_init.oem4 (.text)
                  01001f24    00000004     release_pem4.oem4 (.text:ti_sysbios_BIOS_RtsGateProxy_leave__E)
                  01001f28    0000009c     sysbios.aem4 : BIOS.obj (.text:_pthread_removeThreadKeys)
                  01001fc4    0000009c     rtsv7M4_T_le_eabi.lib : memcpy_t2.asm.obj (.text)
                  01002060    00000098     drivers_cc32xx.aem4 : GPIOCC32XX.oem4 (.text:powerNotifyFxn)
                  010020f8    00000098     sysbios.aem4 : BIOS.obj (.text:ti_sysbios_family_arm_m3_Hwi_Instance_init__E)
                  01002190    00000096     rtsv7M4_T_le_eabi.lib : ull_div_t2.asm.obj (.text)
                  01002226    00000002     drivers_cc32xx.aem4 : TimerCC32XX.oem4 (.text:TimerCC32XX_init)
                  01002228    00000094     sysbios.aem4 : BIOS.obj (.text:ti_sysbios_knl_Task_exit__E)
                  010022bc    00000090     drivers_cc32xx.aem4 : PowerCC32XX.oem4 (.text:restoreNVICRegs)
                  0100234c    00000004     release_pem4.oem4 (.text:ti_sysbios_family_arm_m3_Hwi_delete)
                  01002350    00000090     sysbios.aem4 : BIOS.obj (.text:ti_sysbios_knl_Task_Module_startup__E)
                  010023e0    00000090                  : BIOS.obj (.text:ti_sysbios_knl_Task_schedule__I)
                  01002470    00000090                  : BIOS.obj (.text:ti_sysbios_knl_Task_startCore__E)
                  01002500    0000008c                  : BIOS.obj (.text:xdc_runtime_Memory_alloc__E)
                  0100258c    00000088     driverlib.a : pin.obj (.text:PinConfigSet)
                  01002614    00000004     release_pem4.oem4 (.text:ti_sysbios_family_arm_m3_TaskSupport_Module__startupDone__S)
                  01002618    00000088     sysbios.aem4 : BIOS.obj (.text:ti_sysbios_family_arm_m3_Hwi_initNVIC__E)
                  010026a0    00000086                  : BIOS.obj (.text:xdc_runtime_Core_constructObject__I)
                  01002726    00000002     rtsv7M4_T_le_eabi.lib : _lock.c.obj (.text:_nop)
                  01002728    00000084     drivers_cc32xx.aem4 : PowerCC32XX.oem4 (.text:Power_init)
                  010027ac    00000084                         : PowerCC32XX.oem4 (.text:saveNVICRegs)
                  01002830    00000084     sysbios.aem4 : BIOS.obj (.text:ti_sysbios_family_arm_m3_Hwi_postInit__I)
                  010028b4    00000004     release_pem4.oem4 (.text:ti_sysbios_heaps_HeapMem_Module_GateProxy_enter__E)
                  010028b8    00000084     sysbios.aem4 : BIOS.obj (.text:ti_sysbios_heaps_HeapMem_free__E)
                  0100293c    00000080     drivers_cc32xx.aem4 : PowerCC32XX.oem4 (.text:Power_setDependency)
                  010029bc    0000007a     rtsv7M4_T_le_eabi.lib : memset_t2.asm.obj (.text)
                  01002a36    00000002                           : div0.asm.obj (.text)
                  01002a38    00000078     drivers_cc32xx.aem4 : GPIOCC32XX.oem4 (.text:GPIO_hwiIntFxn)
                  01002ab0    00000078                         : TimerCC32XX.oem4 (.text:TimerCC32XX_start)
                  01002b28    00000078     sysbios.aem4 : BIOS.obj (.text:_pthread_runStub)
                  01002ba0    00000074                  : BIOS.obj (.text:xdc_runtime_Core_deleteObject__I)
                  01002c14    00000004     release_pem4.oem4 (.text:ti_sysbios_heaps_HeapMem_Module_GateProxy_leave__E)
                  01002c18    00000070     sysbios.aem4 : BIOS.obj (.text:ti_sysbios_heaps_HeapMem_initPrimary__I)
                  01002c88    00000070                  : BIOS.obj (.text:ti_sysbios_knl_Clock_workFunc__E)
                  01002cf8    0000006c                  : BIOS.obj (.text:pthread_exit)
                  01002d64    00000004     release_pem4.oem4 (.text:ti_sysbios_knl_Clock_TimerProxy_getMaxTicks__E)
                  01002d68    0000006c     sysbios.aem4 : BIOS.obj (.text:ti_sysbios_knl_Swi_restoreHwi__E)
                  01002dd4    00000068     rtsv7M4_T_le_eabi.lib : copy_decompress_lzss.c.obj (.text:decompress:lzss:__TI_decompress_lzss)
                  01002e3c    00000068     main_tirtos.obj (.text:main)
                  01002ea4    00000068     timerled.obj (.text:mainThread)
                  01002f0c    00000064     drivers_cc32xx.aem4 : GPIOCC32XX.oem4 (.text:GPIO_toggle)
                  01002f70    00000064                         : PowerCC32XX.oem4 (.text:PowerCC32XX_setParkState)
                  01002fd4    00000004     release_pem4.oem4 (.text:ti_sysbios_knl_Clock_TimerProxy_setPeriodMicroSecs__E)
                  01002fd8    00000064     sysbios.aem4 : BIOS.obj (.text:ti_sysbios_family_arm_m3_Hwi_dispatchC__I)
                  0100303c    00000060     driverlib.a : prcm.obj (.text:PRCMSysResetCauseGet)
                  0100309c    00000004     release_pem4.oem4 (.text:ti_sysbios_knl_Clock_TimerProxy_start__E)
                  010030a0    00000060     sysbios.aem4 : BIOS.obj (.text:ti_sysbios_knl_Semaphore_post__E)
                  01003100    00000060                  : BIOS.obj (.text:ti_sysbios_knl_Swi_run__I)
                  01003160    0000005c                  : BIOS.obj (.text:ti_sysbios_family_arm_m3_Timer_start__E)
                  010031bc    00000004     release_pem4.oem4 (.text:ti_sysbios_knl_Clock_TimerProxy_stop__E)
                  010031c0    0000005c     sysbios.aem4 : BIOS.obj (.text:ti_sysbios_knl_Swi_schedule__I)
                  0100321c    00000004     release_pem4.oem4 (.text:ti_sysbios_knl_Semaphore_delete)
                  01003220    0000005c     sysbios.aem4 : BIOS.obj (.text:ti_sysbios_knl_Task_unblockI__E)
                  0100327c    00000004     release_pem4.oem4 (.text:ti_sysbios_knl_Task_delete)
                  01003280    0000005c     sysbios.aem4 : BIOS.obj (.text:xdc_runtime_Startup_exec__E)
                  010032dc    00000058     drivers_cc32xx.aem4 : GPIOCC32XX.oem4 (.text:GPIO_setCallback)
                  01003334    00000058                         : GPIOCC32XX.oem4 (.text:GPIO_write)
                  0100338c    00000058     driverlib.a : prcm.obj (.text:PRCMPeripheralReset)
                  010033e4    00000058     drivers_cc32xx.aem4 : PowerCC32XX.oem4 (.text:Power_releaseDependency)
                  0100343c    00000056                         : TimerCC32XX.oem4 (.text:TimerCC32XX_stop)
                  01003492    00000002     release_pem4.oem4 (.text:ti_sysbios_BIOS_nullFunc__I)
                  01003494    00000054     release_pem4.oem4 (.text:ti_sysbios_family_arm_m3_Hwi_create)
                  010034e8    00000054     sysbios.aem4 : BIOS.obj (.text:ti_sysbios_family_arm_m3_Timer_setPeriod__E)
                  0100353c    00000004     release_pem4.oem4 (.text:xdc_runtime_System_Module_GateProxy_enter__E)
                  01003540    00000054     sysbios.aem4 : BIOS.obj (.text:xdc_runtime_Core_assignLabel__I)
                  01003594    00000052     drivers_cc32xx.aem4 : PowerCC32XX.oem4 (.text:PowerCC32XX_parkPin)
                  010035e6    00000052                         : PowerCC32XX_asm.oem4 (.text:PowerCC32XX_resumeLPDS)
                  01003638    00000052                         : TimerCC32XX.oem4 (.text:initHw)
                  0100368a    00000002     release_pem4.oem4 (.text:xdc_runtime_Startup_reset__I)
                  0100368c    00000050     drivers_cc32xx.aem4 : TimerCC32XX.oem4 (.text:TimerCC32XX_allocateTimerResource)
                  010036dc    00000004     release_pem4.oem4 (.text:xdc_runtime_System_Module_GateProxy_leave__E)
                  010036e0    00000050     sysbios.aem4 : BIOS.obj (.text:ti_sysbios_family_arm_m3_Hwi_Module_startup__E)
                  01003730    00000050     release_pem4.oem4 (.text:ti_sysbios_knl_Task_create)
                  01003780    0000004c     drivers_cc32xx.aem4 : GPIOCC32XX.oem4 (.text:GPIO_enableInt)
                  010037cc    0000004c     rtsv7M4_T_le_eabi.lib : cpy_tbl.c.obj (.text:copy_in)
                  01003818    0000004c     drivers_cc32xx.aem4 : PowerCC32XX.oem4 (.text:restorePeriphClocks)
                  01003864    0000004c     sysbios.aem4 : m3_TaskSupport_asm.obj (.text:ti_sysbios_family_arm_m3_TaskSupport_buildTaskStack)
                  010038b0    0000004c                  : BIOS.obj (.text:ti_sysbios_heaps_HeapMem_getStats__E)
                  010038fc    00000004     --HOLE-- [fill = 0]
                  01003900    0000004c                  : BIOS.obj (.text:ti_sysbios_knl_Swi_runLoop__I)
                  0100394c    00000004     --HOLE-- [fill = 0]
                  01003950    0000004c                  : BIOS.obj (.text:ti_sysbios_knl_Task_allBlockedFunction__I)
                  0100399c    00000048     driverlib.a : flash.obj (.text:FlashDisable)
                  010039e4    00000048                 : prcm.obj (.text:PRCMLPDSEnter)
                  01003a2c    00000048                 : prcm.obj (.text:PRCMPeripheralClkEnable)
                  01003a74    00000048     drivers_cc32xx.aem4 : PowerCC32XX.oem4 (.text:Power_releaseConstraint)
                  01003abc    00000004     --HOLE-- [fill = 0]
                  01003ac0    00000048     sysbios.aem4 : BIOS.obj (.text:ti_sysbios_family_arm_m3_Hwi_disableInterrupt__E)
                  01003b08    00000048                  : BIOS.obj (.text:ti_sysbios_family_arm_m3_Hwi_enableInterrupt__E)
                  01003b50    00000048                  : m3_Hwi_asm_switch.obj (.text:ti_sysbios_family_arm_m3_Hwi_initStacks__E)
                  01003b98    00000048                  : BIOS.obj (.text:ti_sysbios_family_arm_m3_Timer_initDevice__I)
                  01003be0    00000048                  : BIOS.obj (.text:ti_sysbios_knl_Mailbox_Module_startup__E)
                  01003c28    00000048                  : BIOS.obj (.text:xdc_runtime_Core_assignParams__I)
                  01003c70    00000046     drivers_cc32xx.aem4 : TimerCC32XX.oem4 (.text:getPrescaler)
                  01003cb6    00000002     --HOLE-- [fill = 0]
                  01003cb8    00000044     driverlib.a : prcm.obj (.text:PRCMLPDSRestoreInfoSet)
                  01003cfc    00000044     drivers_cc32xx.aem4 : PowerCC32XX_asm.oem4 (.text:PowerCC32XX_enterLPDS)
                  01003d40    00000044                         : Timer.oem4 (.text:Timer_init)
                  01003d84    00000044     boot.aem4 : boot.oem4 (.text)
                  01003dc8    00000044     sysbios.aem4 : BIOS.obj (.text:ti_sysbios_family_arm_m3_Hwi_getStackInfo__E)
                  01003e0c    00000004     --HOLE-- [fill = 0]
                  01003e10    00000044                  : BIOS.obj (.text:ti_sysbios_knl_Mailbox_postInit__I)
                  01003e54    00000004     --HOLE-- [fill = 0]
                  01003e58    00000044                  : BIOS.obj (.text:ti_sysbios_knl_Swi_post__E)
                  01003e9c    00000004     --HOLE-- [fill = 0]
                  01003ea0    00000044                  : BIOS.obj (.text:xdc_runtime_System_atexit__E)
                  01003ee4    00000040     dpl_cc32xx.aem4 : HwiP_tirtos.oem4 (.text:HwiP_create)
                  01003f24    00000040     driverlib.a : pin.obj (.text:PinModeSet)
                  01003f64    00000004     --HOLE-- [fill = 0]
                  01003f68    00000040     sysbios.aem4 : BIOS.obj (.text:ti_sysbios_heaps_HeapMem_Instance_init__E)
                  01003fa8    0000003c     drivers_cc32xx.aem4 : PowerCC32XX.oem4 (.text:Power_setConstraint)
                  01003fe4    0000003c     dpl_cc32xx.aem4 : SemaphoreP_tirtos.oem4 (.text:SemaphoreP_create)
                  01004020    0000003c     drivers_cc32xx.aem4 : Timer.oem4 (.text:Timer_open)
                  0100405c    0000003c     dpl_cc32xx.aem4 : PowerCC32XX_tirtos.oem4 (.text:getCountsRTC)
                  01004098    0000003c     sysbios.aem4 : BIOS.obj (.text:ti_sysbios_family_arm_m3_Hwi_Instance_finalize__E)
                  010040d4    00000004     --HOLE-- [fill = 0]
                  010040d8    0000003c                  : BIOS.obj (.text:ti_sysbios_family_arm_m3_Timer_setPeriodMicroSecs__E)
                  01004114    00000004     --HOLE-- [fill = 0]
                  01004118    0000003c                  : BIOS.obj (.text:ti_sysbios_knl_Clock_walkQueuePeriodic__E)
                  01004154    00000004     --HOLE-- [fill = 0]
                  01004158    0000003c                  : BIOS.obj (.text:ti_sysbios_knl_Swi_restore__E)
                  01004194    00000004     --HOLE-- [fill = 0]
                  01004198    0000003c                  : BIOS.obj (.text:xdc_runtime_System_processAtExit__E)
                  010041d4    0000003a     drivers_cc32xx.aem4 : TimerCC32XX.oem4 (.text:TimerCC32XX_close)
                  0100420e    00000002     --HOLE-- [fill = 0]
                  01004210    00000038     driverlib.a : prcm.obj (.text:PRCMLPDSEnterKeepDebugIf)
                  01004248    00000038     drivers_cc32xx.aem4 : PowerCC32XX.oem4 (.text:notify)
                  01004280    00000038     sysbios.aem4 : BIOS.obj (.text:ti_sysbios_knl_Task_processVitalTaskFlag__I)
                  010042b8    00000036     drivers_cc32xx.aem4 : PowerCC32XX.oem4 (.text:PowerCC32XX_restoreParkedPin)
                  010042ee    00000036                         : TimerCC32XX.oem4 (.text:TimerCC32XX_hwiIntFunction)
                  01004324    00000036     driverlib.a : timer.obj (.text:TimerControlStall)
                  0100435a    00000002     --HOLE-- [fill = 0]
                  0100435c    00000034                 : pin.obj (.text:PinModeGet)
                  01004390    00000034     drivers_cc32xx.aem4 : TimerCC32XX.oem4 (.text:TimerCC32XX_freeTimerResource)
                  010043c4    00000004     --HOLE-- [fill = 0]
                  010043c8    00000034     sysbios.aem4 : BIOS.obj (.text:_pthread_delete$41)
                  010043fc    00000034     drivers_cc32xx.aem4 : TimerCC32XX.oem4 (.text:getPowerMgrId)
                  01004430    00000034     sysbios.aem4 : BIOS.obj (.text:ti_sysbios_family_arm_m3_Timer_periodicStub__I)
                  01004464    00000034     release_pem4.oem4 (.text:ti_sysbios_knl_Semaphore_create)
                  01004498    00000032     sysbios.aem4 : BIOS.obj (.text:ti_sysbios_hal_Hwi_initStack)
                  010044ca    00000006     drivers_cc32xx.aem4 : TimerCC32XX.oem4 (.text:TimerCC32XX_control)
                  010044d0    00000032     sysbios.aem4 : BIOS.obj (.text:ti_sysbios_knl_Semaphore_pendTimeout__I)
                  01004502    00000006     driverlib.a : utils.obj (.text:UtilsDelay)
                  01004508    00000030     sysbios.aem4 : BIOS.obj (.text:pthread_setcancelstate)
                  01004538    00000030     release_pem4.oem4 (.text:ti_sysbios_BIOS_atExitFunc__I)
                  01004568    00000030     release_pem4.oem4 (.text:ti_sysbios_BIOS_startFunc__I)
                  01004598    00000030     sysbios.aem4 : BIOS.obj (.text:ti_sysbios_family_arm_m3_TaskSupport_start__E)
                  010045c8    00000030     release_pem4.oem4 (.text:ti_sysbios_gates_GateHwi_Object__create__S)
                  010045f8    00000030     release_pem4.oem4 (.text:ti_sysbios_gates_GateMutex_Object__create__S)
                  01004628    00000030     sysbios.aem4 : BIOS.obj (.text:ti_sysbios_gates_GateMutex_enter__E)
                  01004658    00000030     release_pem4.oem4 (.text:ti_sysbios_heaps_HeapMem_Object__create__S)
                  01004688    00000030     release_pem4.oem4 (.text:ti_sysbios_knl_Semaphore_construct)
                  010046b8    0000002c     dpl_cc32xx.aem4 : SemaphoreP_tirtos.oem4 (.text:SemaphoreP_createBinary)
                  010046e4    00000004     --HOLE-- [fill = 0]
                  010046e8    0000002c     sysbios.aem4 : BIOS.obj (.text:_pthread_cleanupFxn)
                  01004714    0000002c     release_pem4.oem4 (.text:ti_sysbios_knl_Clock_doTick__I)
                  01004740    0000002c     release_pem4.oem4 (.text:ti_sysbios_knl_Queue_construct)
                  0100476c    00000004     --HOLE-- [fill = 0]
                  01004770    0000002c     sysbios.aem4 : BIOS.obj (.text:ti_sysbios_knl_Task_restore__E)
                  0100479c    0000002a     driverlib.a : timer.obj (.text:TimerLoadSet)
                  010047c6    0000002a                 : timer.obj (.text:TimerPrescaleSet)
                  010047f0    00000028                 : prcm.obj (.text:PRCMPeripheralClkDisable)
                  01004818    00000028     dpl_cc32xx.aem4 : PowerCC32XX_tirtos.oem4 (.text:PowerCC32XX_initPolicy)
                  01004840    00000028     drivers_cc32xx.aem4 : PowerCC32XX.oem4 (.text:Power_registerNotify)
                  01004868    00000028     sysbios.aem4 : BIOS.obj (.text:ti_sysbios_knl_Clock_addI__E)
                  01004890    00000028                  : BIOS.obj (.text:ti_sysbios_knl_Swi_Module_startup__E)
                  010048b8    00000026     drivers_cc32xx.aem4 : List.oem4 (.text:List_put)
                  010048de    00000026                         : List.oem4 (.text:List_remove)
                  01004904    00000004     --HOLE-- [fill = 0]
                  01004908    00000024     sysbios.aem4 : BIOS.obj (.text:pthread_attr_init)
                  0100492c    00000024     release_pem4.oem4 (.text:ti_sysbios_BIOS_registerRTSLock__I)
                  01004950    00000024     release_pem4.oem4 (.text:ti_sysbios_BIOS_removeRTSLock__I)
                  01004974    00000004     --HOLE-- [fill = 0]
                  01004978    00000024     sysbios.aem4 : BIOS.obj (.text:ti_sysbios_family_arm_m3_Timer_Module_startup__E)
                  0100499c    00000004     --HOLE-- [fill = 0]
                  010049a0    00000024                  : BIOS.obj (.text:ti_sysbios_family_arm_m3_Timer_postInit__I)
                  010049c4    00000004     --HOLE-- [fill = 0]
                  010049c8    00000024                  : BIOS.obj (.text:ti_sysbios_family_arm_m3_Timer_startup__E)
                  010049ec    00000024     release_pem4.oem4 (.text:ti_sysbios_gates_GateMutex_Object__delete__S)
                  01004a10    00000024     sysbios.aem4 : BIOS.obj (.text:ti_sysbios_knl_Clock_Module_startup__E)
                  01004a34    00000004     --HOLE-- [fill = 0]
                  01004a38    00000024                  : BIOS.obj (.text:ti_sysbios_knl_Semaphore_Instance_init__E)
                  01004a5c    00000024     release_pem4.oem4 (.text:ti_sysbios_knl_Semaphore_Object__delete__S)
                  01004a80    00000024     sysbios.aem4 : BIOS.obj (.text:ti_sysbios_knl_Task_restoreHwi__E)
                  01004aa4    00000004     --HOLE-- [fill = 0]
                  01004aa8    00000024                  : BIOS.obj (.text:xdc_runtime_Error_policyMin__E)
                  01004acc    00000020     drivers_cc32xx.aem4 : PowerCC32XX.oem4 (.text:Power_unregisterNotify)
                  01004aec    00000020     release_pem4.oem4 (.text:ti_sysbios_BIOS_rtsLock__I)
                  01004b0c    00000020     release_pem4.oem4 (.text:ti_sysbios_family_arm_m3_Hwi_Object__delete__S)
                  01004b2c    00000004     --HOLE-- [fill = 0]
                  01004b30    00000020     sysbios.aem4 : BIOS.obj (.text:ti_sysbios_family_arm_m3_Hwi_clearInterrupt__E)
                  01004b50    00000020                  : m3_Hwi_asm.obj (.text:ti_sysbios_family_arm_m3_Hwi_excHandlerAsm__I)
                  01004b70    00000020                  : BIOS.obj (.text:ti_sysbios_family_arm_m3_Hwi_excHandler__I)
                  01004b90    00000020     release_pem4.oem4 (.text:ti_sysbios_gates_GateHwi_Object__delete__S)
                  01004bb0    00000020     release_pem4.oem4 (.text:ti_sysbios_heaps_HeapMem_Object__delete__S)
                  01004bd0    00000020     sysbios.aem4 : BIOS.obj (.text:ti_sysbios_knl_Idle_run__E)
                  01004bf0    00000020     release_pem4.oem4 (.text:ti_sysbios_knl_Semaphore_destruct)
                  01004c10    00000020     release_pem4.oem4 (.text:ti_sysbios_knl_Task_Object__delete__S)
                  01004c30    0000001e     driverlib.a : timer.obj (.text:TimerDisable)
                  01004c4e    0000001e                 : timer.obj (.text:TimerEnable)
                  01004c6c    0000001e     sysbios.aem4 : m3_Hwi_asm_switch.obj (.text:ti_sysbios_family_xxx_Hwi_switchAndRunFunc)
                  01004c8a    00000002     --HOLE-- [fill = 0]
                  01004c8c    0000001c     driverlib.a : pin.obj (.text:PinToPadGet)
                  01004ca8    0000001c     sysbios.aem4 : BIOS.obj (.text:ti_sysbios_family_arm_m3_Timer_stop__E)
                  01004cc4    00000004     --HOLE-- [fill = 0]
                  01004cc8    0000001c                  : BIOS.obj (.text:ti_sysbios_gates_GateMutex_Instance_init__E)
                  01004ce4    0000001c     release_pem4.oem4 (.text:ti_sysbios_knl_Queue_destruct)
                  01004d00    0000001c     sysbios.aem4 : BIOS.obj (.text:ti_sysbios_knl_Queue_put__E)
                  01004d1c    00000004     --HOLE-- [fill = 0]
                  01004d20    0000001c                  : BIOS.obj (.text:ti_sysbios_knl_Task_enter__I)
                  01004d3c    0000001a                  : m3_Hwi_asm.obj (.text:ti_sysbios_family_arm_m3_Hwi_pendSV__I)
                  01004d56    00000002     --HOLE-- [fill = 0]
                  01004d58    00000018     drivers_cc32xx.aem4 : PowerCC32XX.oem4 (.text:Power_idleFunc)
                  01004d70    00000018                         : TimerCC32XX.oem4 (.text:TimerCC32XX_getCount)
                  01004d88    00000018     driverlib.a : timer.obj (.text:TimerIntDisable)
                  01004da0    00000018                 : timer.obj (.text:TimerIntEnable)
                  01004db8    00000018     rtsv7M4_T_le_eabi.lib : args_main.c.obj (.text:_args_main)
                  01004dd0    00000018                           : ll_mul_t2.asm.obj (.text)
                  01004de8    00000018     release_pem4.oem4 (.text:ti_sysbios_BIOS_rtsUnlock__I)
                  01004e00    00000018     release_pem4.oem4 (.text:ti_sysbios_family_arm_m3_Hwi_Module__startupDone__F)
                  01004e18    00000018     release_pem4.oem4 (.text:ti_sysbios_family_arm_m3_Timer_Module__startupDone__F)
                  01004e30    00000018     release_pem4.oem4 (.text:ti_sysbios_gates_GateHwi_Handle__label__S)
                  01004e48    00000018     release_pem4.oem4 (.text:ti_sysbios_gates_GateMutex_Handle__label__S)
                  01004e60    00000018     sysbios.aem4 : BIOS.obj (.text:ti_sysbios_gates_GateMutex_leave__E)
                  01004e78    00000018     release_pem4.oem4 (.text:ti_sysbios_heaps_HeapMem_Handle__label__S)
                  01004e90    00000018     sysbios.aem4 : BIOS.obj (.text:xdc_runtime_Error_init__E)
                  01004ea8    00000018                  : BIOS.obj (.text:xdc_runtime_System_exit__E)
                  01004ec0    00000016     driverlib.a : prcm.obj (.text:PRCMHIBRegRead)
                  01004ed6    00000016                 : prcm.obj (.text:PRCMHIBRegWrite)
                  01004eec    00000016     release_pem4.oem4 (.text:ti_sysbios_BIOS_exitFunc__I)
                  01004f02    00000002     --HOLE-- [fill = 0]
                  01004f04    00000014     drivers_cc32xx.aem4 : PowerCC32XX.oem4 (.text:Power_getDependencyCount)
                  01004f18    00000014     sysbios.aem4 : BIOS.obj (.text:pthread_attr_setschedparam)
                  01004f2c    00000014     release_pem4.oem4 (.text:ti_sysbios_family_arm_m3_Hwi_Object__get__S)
                  01004f40    00000014     sysbios.aem4 : BIOS.obj (.text:ti_sysbios_family_arm_m3_Hwi_switchFromBootStack__E)
                  01004f54    00000014     release_pem4.oem4 (.text:ti_sysbios_heaps_HeapMem_Object__get__S)
                  01004f68    00000014     sysbios.aem4 : BIOS.obj (.text:ti_sysbios_knl_Clock_tickReconfig__E)
                  01004f7c    00000014     release_pem4.oem4 (.text:ti_sysbios_knl_Swi_Object__get__S)
                  01004f90    00000012     dpl_cc32xx.aem4 : SemaphoreP_tirtos.oem4 (.text:SemaphoreP_pend)
                  01004fa2    00000012     driverlib.a : timer.obj (.text:TimerIntClear)
                  01004fb4    00000004     --HOLE-- [fill = 0]
                  01004fb8    00000012     sysbios.aem4 : BIOS.obj (.text:ti_sysbios_hal_Hwi_Module_startup__E)
                  01004fca    00000012     release_pem4.oem4 (.text:xdc_runtime_Startup_exec__I)
                  01004fdc    00000010     dpl_cc32xx.aem4 : HwiP_tirtos.oem4 (.text:HwiP_Params_init)
                  01004fec    00000010     drivers_cc32xx.aem4 : Timer.oem4 (.text:Timer_Params_init)
                  01004ffc    00000004     --HOLE-- [fill = 0]
                  01005000    00000010     sysbios.aem4 : BIOS.obj (.text:ti_sysbios_BIOS_getCpuFreq__E)
                  01005010    00000010                  : BIOS.obj (.text:ti_sysbios_BIOS_setThreadType__E)
                  01005020    00000010                  : BIOS.obj (.text:ti_sysbios_BIOS_start__E)
                  01005030    00000010                  : m3_TaskSupport_asm.obj (.text:ti_sysbios_family_arm_m3_TaskSupport_glue)
                  01005040    00000010                  : m3_TaskSupport_asm.obj (.text:ti_sysbios_family_arm_m3_TaskSupport_swap__E)
                  01005050    00000010                  : BIOS.obj (.text:ti_sysbios_gates_GateMutex_Instance_finalize__E)
                  01005060    00000010     release_pem4.oem4 (.text:ti_sysbios_knl_Mailbox_Object__get__S)
                  01005070    00000010     sysbios.aem4 : BIOS.obj (.text:ti_sysbios_knl_Semaphore_Instance_finalize__E)
                  01005080    00000010                  : BIOS.obj (.text:ti_sysbios_knl_Swi_disable__E)
                  01005090    00000010     release_pem4.oem4 (.text:ti_sysbios_knl_Task_Object__get__S)
                  010050a0    00000010     sysbios.aem4 : BIOS.obj (.text:ti_sysbios_knl_Task_disable__E)
                  010050b0    00000010                  : BIOS.obj (.text:xdc_runtime_Memory_free__E)
                  010050c0    00000010                  : BIOS.obj (.text:xdc_runtime_SysCallback_abort__E)
                  010050d0    00000010                  : BIOS.obj (.text:xdc_runtime_SysCallback_exit__E)
                  010050e0    0000000e     rtsv7M4_T_le_eabi.lib : copy_decompress_none.c.obj (.text:decompress:none:__TI_decompress_none)
                  010050ee    00000002     --HOLE-- [fill = 0]
                  010050f0    0000000e     sysbios.aem4 : BIOS.obj (.text:pthread_attr_setdetachstate)
                  010050fe    00000002     --HOLE-- [fill = 0]
                  01005100    0000000e                  : BIOS.obj (.text:ti_sysbios_knl_Idle_loop__E)
                  0100510e    00000002     --HOLE-- [fill = 0]
                  01005110    0000000e                  : BIOS.obj (.text:ti_sysbios_knl_Queue_empty__E)
                  0100511e    0000000c     CC3220SF_LAUNCHXL.obj (.text:CC3220SF_LAUNCHXL_initGeneral)
                  0100512a    0000000c     dpl_cc32xx.aem4 : HwiP_tirtos.oem4 (.text:HwiP_delete)
                  01005136    00000002     --HOLE-- [fill = 0]
                  01005138    0000000c     drivers_cc32xx.aem4 : PowerCC32XX.oem4 (.text:Power_getConstraintMask)
                  01005144    0000000c     dpl_cc32xx.aem4 : SemaphoreP_tirtos.oem4 (.text:SemaphoreP_delete)
                  01005150    0000000c     rtsv7M4_T_le_eabi.lib : _lock.c.obj (.text:_register_lock)
                  0100515c    0000000c                           : _lock.c.obj (.text:_register_unlock)
                  01005168    0000000c                           : copy_zero_init.c.obj (.text:decompress:ZI:__TI_zero_init)
                  01005174    0000000c     drivers_cc32xx.aem4 : TimerCC32XX.oem4 (.text:postNotifyFxn)
                  01005180    0000000c     release_pem4.oem4 (.text:ti_sysbios_family_arm_m3_Hwi_Params__init__S)
                  0100518c    00000004     --HOLE-- [fill = 0]
                  01005190    0000000c     sysbios.aem4 : BIOS.obj (.text:ti_sysbios_family_arm_m3_Hwi_disableFxn__E)
                  0100519c    00000004     --HOLE-- [fill = 0]
                  010051a0    0000000c                  : BIOS.obj (.text:ti_sysbios_family_arm_m3_TaskSupport_getStackAlignment__E)
                  010051ac    00000004     --HOLE-- [fill = 0]
                  010051b0    0000000c                  : BIOS.obj (.text:ti_sysbios_gates_GateHwi_enter__E)
                  010051bc    00000004     --HOLE-- [fill = 0]
                  010051c0    0000000c                  : BIOS.obj (.text:ti_sysbios_knl_Clock_getTicks__E)
                  010051cc    00000004     --HOLE-- [fill = 0]
                  010051d0    0000000c                  : BIOS.obj (.text:ti_sysbios_knl_Clock_setTicks__E)
                  010051dc    00000004     --HOLE-- [fill = 0]
                  010051e0    0000000c                  : BIOS.obj (.text:ti_sysbios_knl_Clock_tickStart__E)
                  010051ec    00000004     --HOLE-- [fill = 0]
                  010051f0    0000000c                  : BIOS.obj (.text:ti_sysbios_knl_Clock_tickStop__E)
                  010051fc    0000000c     release_pem4.oem4 (.text:ti_sysbios_knl_Queue_Object__get__S)
                  01005208    0000000c     release_pem4.oem4 (.text:ti_sysbios_knl_Semaphore_Params__init__S)
                  01005214    0000000c     release_pem4.oem4 (.text:ti_sysbios_knl_Task_Params__init__S)
                  01005220    0000000c     sysbios.aem4 : BIOS.obj (.text:ti_sysbios_rts_ti_ReentSupport_taskRegHook__I)
                  0100522c    0000000c     timerled.obj (.text:timerCallback)
                  01005238    0000000c     sysbios.aem4 : BIOS.obj (.text:xdc_runtime_Startup_rtsDone__E)
                  01005244    0000000a     drivers_cc32xx.aem4 : Timer.oem4 (.text:Timer_start)
                  0100524e    0000000a     release_pem4.oem4 (.text:xdc_runtime_IHeap_alloc)
                  01005258    0000000a     release_pem4.oem4 (.text:xdc_runtime_IHeap_free)
                  01005262    00000008     dpl_cc32xx.aem4 : SemaphoreP_tirtos.oem4 (.text:SemaphoreP_Params_init)
                  0100526a    00000006     --HOLE-- [fill = 0]
                  01005270    00000008     sysbios.aem4 : BIOS.obj (.text:pthread_attr_setstacksize)
                  01005278    00000008                  : BIOS.obj (.text:ti_sysbios_family_arm_m3_Hwi_doSwiRestore__I)
                  01005280    00000008                  : BIOS.obj (.text:ti_sysbios_family_arm_m3_Hwi_startup__E)
                  01005288    00000006                  : BIOS.obj (.text:ti_sysbios_family_arm_m3_Hwi_doTaskRestore__I)
                  0100528e    00000002     --HOLE-- [fill = 0]
                  01005290    00000006                  : BIOS.obj (.text:ti_sysbios_family_arm_m3_Hwi_restoreFxn__E)
                  01005296    00000002     --HOLE-- [fill = 0]
                  01005298    00000006                  : BIOS.obj (.text:ti_sysbios_gates_GateHwi_leave__E)
                  0100529e    00000002     --HOLE-- [fill = 0]
                  010052a0    00000006                  : BIOS.obj (.text:ti_sysbios_heaps_HeapMem_isBlocking__E)
                  010052a6    00000002     --HOLE-- [fill = 0]
                  010052a8    00000006                  : BIOS.obj (.text:ti_sysbios_knl_Queue_Instance_init__E)
                  010052ae    00000002     --HOLE-- [fill = 0]
                  010052b0    00000006                  : BIOS.obj (.text:ti_sysbios_knl_Swi_startup__E)
                  010052b6    00000002     --HOLE-- [fill = 0]
                  010052b8    00000006                  : BIOS.obj (.text:xdc_runtime_System_Module_startup__E)
                  010052be    00000002     --HOLE-- [fill = 0]
                  010052c0    00000004                  : BIOS.obj (.text:ti_sysbios_family_arm_m3_Timer_getMaxTicks__E)
                  010052c4    00000004     --HOLE-- [fill = 0]
                  010052c8    00000004                  : BIOS.obj (.text:ti_sysbios_gates_GateHwi_query__E)
                  010052cc    00000004     --HOLE-- [fill = 0]
                  010052d0    00000004                  : BIOS.obj (.text:ti_sysbios_gates_GateMutex_query__E)
                  010052d4    00000004     --HOLE-- [fill = 0]
                  010052d8    00000004                  : BIOS.obj (.text:ti_sysbios_knl_Task_startup__E)
                  010052dc    00000004     --HOLE-- [fill = 0]
                  010052e0    00000002                  : BIOS.obj (.text:ti_sysbios_BIOS_linkedWithIncorrectBootLibrary__E)
                  010052e2    00000006     --HOLE-- [fill = 0]
                  010052e8    00000002                  : BIOS.obj (.text:ti_sysbios_gates_GateHwi_Instance_init__E)
                  010052ea    00000006     --HOLE-- [fill = 0]
                  010052f0    00000002                  : BIOS.obj (.text:ti_sysbios_knl_Clock_logTick__E)
                  010052f2    00000006     --HOLE-- [fill = 0]
                  010052f8    00000002                  : BIOS.obj (.text:xdc_runtime_SysCallback_defaultAbort)
                  010052fa    00000006     --HOLE-- [fill = 0]
                  01005300    00000002                  : BIOS.obj (.text:xdc_runtime_SysCallback_defaultExit)
                  01005302    00000006     --HOLE-- [fill = 0]
                  01005308    00000002                  : BIOS.obj (.text:xdc_runtime_System_abortSpin__E)
                  0100530a    00000006     --HOLE-- [fill = 0]
                  01005310    00000002                  : BIOS.obj (.text:xdc_runtime_System_exitSpin__E)

.const     0    01005314    000006e0     
                  01005314    00000100     driverlib.a : pin.obj (.const:g_ulPinToPadMap)
                  01005414    000000a8                 : prcm.obj (.const:PRCM_PeriphRegsList)
                  010054bc    00000048     release_pem4.oem4 (.const:.string)
                  01005504    00000040     CC3220SF_LAUNCHXL.obj (.const:PowerCC32XX_config)
                  01005544    0000003c     release_pem4.oem4 (.const:ti_sysbios_knl_Task_Object__PARAMS__C)
                  01005580    00000030     release_pem4.oem4 (.const:ti_sysbios_family_arm_m3_Hwi_Object__PARAMS__C)
                  010055b0    00000030     CC3220SF_LAUNCHXL.obj (.const:timerCC3220SFHWAttrs)
                  010055e0    00000028     release_pem4.oem4 (.const:ti_sysbios_heaps_HeapMem_Module__FXNS__C)
                  01005608    00000024     CC3220SF_LAUNCHXL.obj (.const:Timer_config)
                  0100562c    00000024     release_pem4.oem4 (.const:ti_sysbios_gates_GateHwi_Module__FXNS__C)
                  01005650    00000024     release_pem4.oem4 (.const:ti_sysbios_gates_GateMutex_Module__FXNS__C)
                  01005674    00000024     release_pem4.oem4 (.const:ti_sysbios_heaps_HeapMem_Object__PARAMS__C)
                  01005698    00000024     release_pem4.oem4 (.const:ti_sysbios_knl_Semaphore_Object__PARAMS__C)
                  010056bc    00000021     drivers_cc32xx.aem4 : GPIOCC32XX.oem4 (.const:.string:pinTable)
                  010056dd    00000001     release_pem4.oem4 (.const:ti_sysbios_knl_Clock_tickMode__C)
                  010056de    00000002     release_pem4.oem4 (.const:ti_sysbios_family_arm_m3_Hwi_Module__id__C)
                  010056e0    00000020     release_pem4.oem4 (.const:ti_sysbios_family_arm_m3_Hwi_Object__DESC__C)
                  01005700    00000020     release_pem4.oem4 (.const:ti_sysbios_gates_GateHwi_Object__DESC__C)
                  01005720    00000020     release_pem4.oem4 (.const:ti_sysbios_gates_GateMutex_Object__DESC__C)
                  01005740    00000020     release_pem4.oem4 (.const:ti_sysbios_heaps_HeapMem_Object__DESC__C)
                  01005760    00000020     release_pem4.oem4 (.const:ti_sysbios_knl_Queue_Object__DESC__C)
                  01005780    00000020     release_pem4.oem4 (.const:ti_sysbios_knl_Semaphore_Object__DESC__C)
                  010057a0    00000020     release_pem4.oem4 (.const:ti_sysbios_knl_Task_Object__DESC__C)
                  010057c0    00000020     release_pem4.oem4 (.const:xdc_runtime_Startup_sfxnTab__A)
                  010057e0    0000001c     drivers_cc32xx.aem4 : TimerCC32XX.oem4 (.const:TimerCC32XX_fxnTable)
                  010057fc    00000018     release_pem4.oem4 (.const:ti_sysbios_gates_GateHwi_Object__PARAMS__C)
                  01005814    00000018     release_pem4.oem4 (.const:ti_sysbios_gates_GateMutex_Object__PARAMS__C)
                  0100582c    00000018     release_pem4.oem4 (.const:ti_sysbios_knl_Queue_Object__PARAMS__C)
                  01005844    00000018     release_pem4.oem4 (.const:ti_sysbios_knl_Task_hooks__A)
                  0100585c    00000014     CC3220SF_LAUNCHXL.obj (.const:GPIOCC32XX_config)
                  01005870    00000014     drivers_cc32xx.aem4 : GPIOCC32XX.oem4 (.const:gpioBaseAddresses)
                  01005884    00000014                         : GPIOCC32XX.oem4 (.const:powerResources)
                  01005898    00000010     release_pem4.oem4 (.const:xdc_runtime_Startup_sfxnRts__A)
                  010058a8    0000000d     CC3220SF_LAUNCHXL.obj (.const)
                  010058b5    00000001     release_pem4.oem4 (.const:ti_sysbios_knl_Clock_tickSource__C)
                  010058b6    00000002     release_pem4.oem4 (.const:ti_sysbios_family_arm_m3_Timer_Module__id__C)
                  010058b8    0000000c     drivers_cc32xx.aem4 : Timer.oem4 (.const:defaultParams)
                  010058c4    0000000c     release_pem4.oem4 (.const:xdc_runtime_Startup_firstFxns__A)
                  010058d0    00000008     drivers_cc32xx.aem4 : GPIOCC32XX.oem4 (.const:outPinTypes)
                  010058d8    00000008     release_pem4.oem4 (.const:ti_sysbios_knl_Idle_funcList__A)
                  010058e0    00000008     release_pem4.oem4 (.const:ti_sysbios_knl_Idle_funcList__C)
                  010058e8    00000008     release_pem4.oem4 (.const:ti_sysbios_knl_Task_hooks__C)
                  010058f0    00000008     release_pem4.oem4 (.const:xdc_runtime_Startup_firstFxns__C)
                  010058f8    00000008     release_pem4.oem4 (.const:xdc_runtime_Startup_lastFxns__C)
                  01005900    00000006     drivers_cc32xx.aem4 : GPIOCC32XX.oem4 (.const:.string:interruptType)
                  01005906    00000006                         : GPIOCC32XX.oem4 (.const:inPinTypes)
                  0100590c    00000006                         : GPIOCC32XX.oem4 (.const:outPinStrengths)
                  01005912    00000004                         : GPIOCC32XX.oem4 (.const:.string:portInterruptIds)
                  01005916    00000002     release_pem4.oem4 (.const:ti_sysbios_heaps_HeapMem_Module__id__C)
                  01005918    00000004     release_pem4.oem4 (.const:ti_sysbios_family_arm_m3_Hwi_E_alreadyDefined__C)
                  0100591c    00000004     release_pem4.oem4 (.const:ti_sysbios_family_arm_m3_Hwi_NUM_INTERRUPTS__C)
                  01005920    00000004     release_pem4.oem4 (.const:ti_sysbios_family_arm_m3_Hwi_Object__count__C)
                  01005924    00000004     release_pem4.oem4 (.const:ti_sysbios_family_arm_m3_Hwi_ccr__C)
                  01005928    00000004     release_pem4.oem4 (.const:ti_sysbios_family_arm_m3_Hwi_excHandlerFunc__C)
                  0100592c    00000004     release_pem4.oem4 (.const:ti_sysbios_family_arm_m3_Hwi_nullIsrFunc__C)
                  01005930    00000004     release_pem4.oem4 (.const:ti_sysbios_family_arm_m3_Hwi_priGroup__C)
                  01005934    00000004     release_pem4.oem4 (.const:ti_sysbios_family_arm_m3_Hwi_swiDisable__C)
                  01005938    00000004     release_pem4.oem4 (.const:ti_sysbios_family_arm_m3_Hwi_swiRestoreHwi__C)
                  0100593c    00000004     release_pem4.oem4 (.const:ti_sysbios_family_arm_m3_TaskSupport_stackAlignment__C)
                  01005940    00000004     release_pem4.oem4 (.const:ti_sysbios_family_arm_m3_Timer_E_cannotSupport__C)
                  01005944    00000004     release_pem4.oem4 (.const:ti_sysbios_family_arm_m3_Timer_startupNeeded__C)
                  01005948    00000004     release_pem4.oem4 (.const:ti_sysbios_gates_GateMutex_Instance_State_sem__O)
                  0100594c    00000004     release_pem4.oem4 (.const:ti_sysbios_heaps_HeapMem_E_memory__C)
                  01005950    00000004     release_pem4.oem4 (.const:ti_sysbios_heaps_HeapMem_Module__gateObj__C)
                  01005954    00000004     release_pem4.oem4 (.const:ti_sysbios_heaps_HeapMem_Object__count__C)
                  01005958    00000004     release_pem4.oem4 (.const:ti_sysbios_heaps_HeapMem_primaryHeapBaseAddr__C)
                  0100595c    00000004     release_pem4.oem4 (.const:ti_sysbios_heaps_HeapMem_primaryHeapEndAddr__C)
                  01005960    00000004     release_pem4.oem4 (.const:ti_sysbios_heaps_HeapMem_reqAlign__C)
                  01005964    00000004     release_pem4.oem4 (.const:ti_sysbios_knl_Clock_Module_State_clockQ__O)
                  01005968    00000004     release_pem4.oem4 (.const:ti_sysbios_knl_Clock_tickPeriod__C)
                  0100596c    00000004     release_pem4.oem4 (.const:ti_sysbios_knl_Mailbox_Instance_State_freeQue__O)
                  01005970    00000004     release_pem4.oem4 (.const:ti_sysbios_knl_Mailbox_Object__count__C)
                  01005974    00000004     release_pem4.oem4 (.const:ti_sysbios_knl_Mailbox_maxTypeAlign__C)
                  01005978    00000004     release_pem4.oem4 (.const:ti_sysbios_knl_Semaphore_Instance_State_pendQ__O)
                  0100597c    00000004     release_pem4.oem4 (.const:ti_sysbios_knl_Swi_Object__count__C)
                  01005980    00000004     release_pem4.oem4 (.const:ti_sysbios_knl_Task_Module_State_inactiveQ__O)
                  01005984    00000004     release_pem4.oem4 (.const:ti_sysbios_knl_Task_Object__count__C)
                  01005988    00000004     release_pem4.oem4 (.const:ti_sysbios_knl_Task_Object__heap__C)
                  0100598c    00000004     release_pem4.oem4 (.const:ti_sysbios_knl_Task_allBlockedFunc__C)
                  01005990    00000004     release_pem4.oem4 (.const:ti_sysbios_knl_Task_defaultStackHeap__C)
                  01005994    00000004     release_pem4.oem4 (.const:ti_sysbios_knl_Task_defaultStackSize__C)
                  01005998    00000004     release_pem4.oem4 (.const:ti_sysbios_knl_Task_numConstructedTasks__C)
                  0100599c    00000004     release_pem4.oem4 (.const:xdc_runtime_Error_E_memory__C)
                  010059a0    00000004     release_pem4.oem4 (.const:xdc_runtime_Error_policyFxn__C)
                  010059a4    00000004     release_pem4.oem4 (.const:xdc_runtime_IGateProvider_Interface__BASE__C)
                  010059a8    00000004     release_pem4.oem4 (.const:xdc_runtime_IHeap_Interface__BASE__C)
                  010059ac    00000004     release_pem4.oem4 (.const:xdc_runtime_IModule_Interface__BASE__C)
                  010059b0    00000004     release_pem4.oem4 (.const:xdc_runtime_Memory_defaultHeapInstance__C)
                  010059b4    00000004     release_pem4.oem4 (.const:xdc_runtime_Startup_execImpl__C)
                  010059b8    00000004     release_pem4.oem4 (.const:xdc_runtime_Startup_maxPasses__C)
                  010059bc    00000004     release_pem4.oem4 (.const:xdc_runtime_Startup_sfxnRts__C)
                  010059c0    00000004     release_pem4.oem4 (.const:xdc_runtime_Startup_sfxnTab__C)
                  010059c4    00000004     release_pem4.oem4 (.const:xdc_runtime_SysCallback_abortFxn__C)
                  010059c8    00000004     release_pem4.oem4 (.const:xdc_runtime_SysCallback_exitFxn__C)
                  010059cc    00000004     release_pem4.oem4 (.const:xdc_runtime_System_Module__gateObj__C)
                  010059d0    00000004     release_pem4.oem4 (.const:xdc_runtime_System_abortFxn__C)
                  010059d4    00000004     release_pem4.oem4 (.const:xdc_runtime_System_exitFxn__C)
                  010059d8    00000004     release_pem4.oem4 (.const:xdc_runtime_System_maxAtexitHandlers__C)
                  010059dc    00000004     release_pem4.oem4 (.const:xdc_runtime_Text_charTab__C)
                  010059e0    00000004     release_pem4.oem4 (.const:xdc_runtime_Text_nameEmpty__C)
                  010059e4    00000004     release_pem4.oem4 (.const:xdc_runtime_Text_nameStatic__C)
                  010059e8    00000004     release_pem4.oem4 (.const:xdc_runtime_Text_nameUnknown__C)
                  010059ec    00000002     release_pem4.oem4 (.const:xdc_runtime_Memory_Module__id__C)
                  010059ee    00000002     release_pem4.oem4 (.const:xdc_runtime_Text_charCnt__C)
                  010059f0    00000002     release_pem4.oem4 (.const:xdc_runtime_Text_isLoaded__C)
                  010059f2    00000001     release_pem4.oem4 (.const:xdc_runtime_Error_policy__C)
                  010059f3    00000001     release_pem4.oem4 (.const:xdc_runtime_Text_charTab__A)

.cinit     0    010059f8    00000268     
                  010059f8    0000023e     (.cinit..data.load) [load image, compression = lzss]
                  01005c36    00000002     --HOLE-- [fill = 0]
                  01005c38    0000000c     (__TI_handler_table)
                  01005c44    00000004     --HOLE-- [fill = 0]
                  01005c48    00000008     (.cinit..bss.load) [load image, compression = zero_init]
                  01005c50    00000010     (__TI_cinit_table)

.init_array 
*          0    01000800    00000000     UNINITIALIZED

.bss       0    20008310    00000714     UNINITIALIZED
                  20008310    0000030c     (.common:ti_sysbios_family_arm_m3_Hwi_dispatchTable)
                  2000861c    00000004     drivers_cc32xx.aem4 : GPIOCC32XX.oem4 (.bss)
                  20008620    00000200     release_pem4.oem4 (.bss:taskStackSection)
                  20008820    0000012c     (.common:PowerCC32XX_contextSave)
                  2000894c    0000009c     (.common:timerCC3220SFObjects)
                  200089e8    00000020     drivers_cc32xx.aem4 : GPIOCC32XX.oem4 (.bss:gpioCallbackInfo)
                  20008a08    00000014                         : GPIOCC32XX.oem4 (.bss:powerNotifyObj)
                  20008a1c    00000004                         : TimerCC32XX.oem4 (.bss:timerState)
                  20008a20    00000004     (.common:ti_sysbios_knl_Task_Instance_State_0_hookEnv__A)

.data      0    20008a24    000006dc     UNINITIALIZED
                  20008a24    0000016c     drivers_cc32xx.aem4 : PowerCC32XX.oem4 (.data:PowerCC32XX_module)
                  20008b90    000000f8     CC3220SF_LAUNCHXL.obj (.data:parkInfo)
                  20008c88    00000088     sysbios.aem4 : BIOS.obj (.data:$O1$$)
                  20008d10    00000080     release_pem4.oem4 (.data:ti_sysbios_knl_Swi_Module_State_0_readyQ__A)
                  20008d90    00000080     release_pem4.oem4 (.data:ti_sysbios_knl_Task_Module_State_0_readyQ__A)
                  20008e10    00000054     release_pem4.oem4 (.data:ti_sysbios_gates_GateMutex_Object__table__V)
                  20008e64    0000004c     release_pem4.oem4 (.data:ti_sysbios_knl_Task_Object__table__V)
                  20008eb0    00000044     release_pem4.oem4 (.data:ti_sysbios_knl_Task_Module__state__V)
                  20008ef4    00000034     release_pem4.oem4 (.data:ti_sysbios_family_arm_m3_Hwi_Module__state__V)
                  20008f28    00000030     release_pem4.oem4 (.data:ti_sysbios_family_arm_m3_Timer_Object__table__V)
                  20008f58    00000030     release_pem4.oem4 (.data:ti_sysbios_knl_Swi_Object__table__V)
                  20008f88    0000002c     release_pem4.oem4 (.data:ti_sysbios_knl_Clock_Module__state__V)
                  20008fb4    00000024     release_pem4.oem4 (.data:ti_sysbios_BIOS_Module__state__V)
                  20008fd8    00000020     CC3220SF_LAUNCHXL.obj (.data:gpioPinConfigs)
                  20008ff8    00000020     release_pem4.oem4 (.data:xdc_runtime_Error_IgnoreBlock)
                  20009018    0000001c     release_pem4.oem4 (.data:ti_sysbios_knl_Swi_Module__state__V)
                  20009034    00000018     release_pem4.oem4 (.data:ti_sysbios_family_arm_m3_Hwi_Object__table__V)
                  2000904c    00000018     release_pem4.oem4 (.data:ti_sysbios_heaps_HeapMem_Object__table__V)
                  20009064    00000010     CC3220SF_LAUNCHXL.obj (.data:gpioCallbackFunctions)
                  20009074    0000000c     release_pem4.oem4 (.data:ti_sysbios_family_arm_m3_Timer_Module__state__V)
                  20009080    00000009     drivers_cc32xx.aem4 : GPIOCC32XX.oem4 (.data)
                  20009089    00000001                         : Timer.oem4 (.data)
                  2000908a    00000002     release_pem4.oem4 (.data:ti_sysbios_family_arm_m3_Hwi_Module_State_0_excActive__A)
                  2000908c    00000008     rtsv7M4_T_le_eabi.lib : _lock.c.obj (.data:$O1$$)
                  20009094    00000008     release_pem4.oem4 (.data:ti_sysbios_family_arm_m3_Hwi_Module__root__V)
                  2000909c    00000008     release_pem4.oem4 (.data:ti_sysbios_gates_GateHwi_Module__root__V)
                  200090a4    00000008     release_pem4.oem4 (.data:ti_sysbios_gates_GateMutex_Module__root__V)
                  200090ac    00000008     release_pem4.oem4 (.data:ti_sysbios_heaps_HeapMem_Module__root__V)
                  200090b4    00000008     release_pem4.oem4 (.data:ti_sysbios_knl_Queue_Module__root__V)
                  200090bc    00000008     release_pem4.oem4 (.data:ti_sysbios_knl_Semaphore_Module__root__V)
                  200090c4    00000008     release_pem4.oem4 (.data:ti_sysbios_knl_Task_Module__root__V)
                  200090cc    00000008     release_pem4.oem4 (.data:xdc_runtime_Startup_Module__state__V)
                  200090d4    00000008     release_pem4.oem4 (.data:xdc_runtime_System_Module_State_0_atexitHandlers__A)
                  200090dc    00000008     release_pem4.oem4 (.data:xdc_runtime_System_Module__state__V)
                  200090e4    00000004     rtsv7M4_T_le_eabi.lib : stkdepth_vars.c.obj (.data)
                  200090e8    00000004     release_pem4.oem4 (.data:ti_sysbios_family_arm_m3_Hwi_Module_State_0_excContext__A)
                  200090ec    00000004     release_pem4.oem4 (.data:ti_sysbios_family_arm_m3_Hwi_Module_State_0_excStack__A)
                  200090f0    00000004     release_pem4.oem4 (.data:ti_sysbios_gates_GateHwi_Object__table__V)
                  200090f4    00000004     release_pem4.oem4 (.data:ti_sysbios_knl_Task_Module_State_0_idleTask__A)
                  200090f8    00000004     release_pem4.oem4 (.data:ti_sysbios_rts_ti_ReentSupport_Module__state__V)
                  200090fc    00000004     release_pem4.oem4 (.data:xdc_runtime_Memory_Module__state__V)

.priheap   0    20000310    00008000     UNINITIALIZED
                  20000310    00008000     --HOLE--

.stack     0    2003fc00    00000400     UNINITIALIZED
                  2003fc00    00000400     --HOLE--

.bootVecs 
*          0    00000000    00000008     DSECT
                  00000000    00000008     boot.aem4 : boot.oem4 (.bootVecs)

.resetVecs 
*          0    01000800    0000003c     
                  01000800    0000003c     release_pem4.oem4 (.resetVecs)

.vecs      0    20000000    0000030c     NOLOAD SECTION
                  20000000    0000030c     release_pem4.oem4 (.vecs)

xdc.meta   0    00000000    00000106     COPY SECTION
                  00000000    00000106     release_pem4.oem4 (xdc.meta)

xdc.noload 
*          0    00000000    00000000     COPY SECTION

.binit     0    01000000    00000000     

MODULE SUMMARY

       Module                       code    ro data   rw data
       ------                       ----    -------   -------
    .\
       CC3220SF_LAUNCHXL.obj        12      181       452    
       timerled.obj                 116     0         0      
       main_tirtos.obj              104     0         0      
    +--+----------------------------+-------+---------+---------+
       Total:                       232     181       452    
                                                             
    C:\Users\krad2\workspace_v8\tirtos_builds_CC3220SF_LAUNCHXL_release_ccs\Debug\configPkg\package\cfg\
       release_pem4.oem4            1360    1072      3014   
    +--+----------------------------+-------+---------+---------+
       Total:                       1360    1072      3014   
                                                             
    C:/ti/simplelink_cc32xx_sdk_2_20_01_00/kernel/tirtos/packages/ti/dpl/lib/dpl_cc32xx.aem4
       PowerCC32XX_tirtos.oem4      444     0         0      
       SemaphoreP_tirtos.oem4       146     0         0      
       HwiP_tirtos.oem4             100     0         0      
       ClockP_tirtos.oem4           4       0         0      
    +--+----------------------------+-------+---------+---------+
       Total:                       694     0         0      
                                                             
    C:/ti/simplelink_cc32xx_sdk_2_20_01_00/source/ti/devices/cc32xx/driverlib/ccs/Release/driverlib.a
       prcm.obj                     1604    168       0      
       pin.obj                      280     256       0      
       timer.obj                    264     0         0      
       flash.obj                    72      0         0      
       utils.obj                    6       0         0      
    +--+----------------------------+-------+---------+---------+
       Total:                       2226    424       0      
                                                             
    C:/ti/simplelink_cc32xx_sdk_2_20_01_00/source/ti/drivers/lib/drivers_cc32xx.aem4
       PowerCC32XX.oem4             2216    0         664    
       GPIOCC32XX.oem4              1276    103       65     
       TimerCC32XX.oem4             994     28        4      
       Timer.oem4                   154     12        1      
       PowerCC32XX_asm.oem4         150     0         0      
       List.oem4                    76      0         0      
    +--+----------------------------+-------+---------+---------+
       Total:                       4866    143       734    
                                                             
    C:\Users\krad2\workspace_v8\tirtos_builds_CC3220SF_LAUNCHXL_release_ccs\src\sysbios\sysbios.aem4
       BIOS.obj                     8146    0         136    
       m3_Hwi_asm.obj               262     0         0      
       m3_TaskSupport_asm.obj       108     0         0      
       m3_Hwi_asm_switch.obj        102     0         0      
    +--+----------------------------+-------+---------+---------+
       Total:                       8618    0         136    
                                                             
    C:\ti\ccsv8\tools\compiler\ti-cgt-arm_18.1.3.LTS\lib\rtsv7M4_T_le_eabi.lib
       memcpy_t2.asm.obj            156     0         0      
       ull_div_t2.asm.obj           150     0         0      
       memset_t2.asm.obj            122     0         0      
       copy_decompress_lzss.c.obj   104     0         0      
       cpy_tbl.c.obj                76      0         0      
       _lock.c.obj                  26      0         8      
       args_main.c.obj              24      0         0      
       ll_mul_t2.asm.obj            24      0         0      
       copy_decompress_none.c.obj   14      0         0      
       copy_zero_init.c.obj         12      0         0      
       stkdepth_vars.c.obj          0       0         4      
       div0.asm.obj                 2       0         0      
    +--+----------------------------+-------+---------+---------+
       Total:                       710     0         12     
                                                             
    C:\ti\simplelink_cc32xx_sdk_2_20_01_00\kernel\tirtos\packages\ti\targets\arm\rtsarm\lib\auto_init.aem4
       auto_init.oem4               160     0         0      
    +--+----------------------------+-------+---------+---------+
       Total:                       160     0         0      
                                                             
    C:\ti\simplelink_cc32xx_sdk_2_20_01_00\kernel\tirtos\packages\ti\targets\arm\rtsarm\lib\boot.aem4
       boot.oem4                    68      0         0      
    +--+----------------------------+-------+---------+---------+
       Total:                       68      0         0      
                                                             
       Stack:                       0       0         1024   
       Linker Generated:            0       610       0      
    +--+----------------------------+-------+---------+---------+
       Grand Total:                 18934   2430      5372   


LINKER GENERATED COPY TABLES

__TI_cinit_table @ 01005c50 records: 2, size/record: 8, table size: 16
	.data: load addr=010059f8, load size=0000023e bytes, run addr=20008a24, run size=000006dc bytes, compression=lzss
	.bss: load addr=01005c48, load size=00000008 bytes, run addr=20008310, run size=00000714 bytes, compression=zero_init


LINKER GENERATED HANDLER TABLE

__TI_handler_table @ 01005c38 records: 3, size/record: 4, table size: 12
	index: 0, handler: __TI_decompress_lzss
	index: 1, handler: __TI_decompress_none
	index: 2, handler: __TI_zero_init


GLOBAL SYMBOLS: SORTED ALPHABETICALLY BY Name 

address   name                                                            
-------   ----                                                            
010058a8  ADC_count                                                       
0100511f  CC3220SF_LAUNCHXL_initGeneral                                   
010058a9  Capture_count                                                   
010010dd  ClockP_getCpuFreq                                               
010051c1  ClockP_getSystemTicks                                           
010058aa  CryptoCC32XX_count                                              
010058ab  Display_count                                                   
0100399d  FlashDisable                                                    
0100585c  GPIOCC32XX_config                                               
01003781  GPIO_enableInt                                                  
01002a39  GPIO_hwiIntFxn                                                  
01001b05  GPIO_init                                                       
010032dd  GPIO_setCallback                                                
01000c6d  GPIO_setConfig                                                  
01002f0d  GPIO_toggle                                                     
01003335  GPIO_write                                                      
00008000  HEAPSIZE                                                        
01004fdd  HwiP_Params_init                                                
0100156d  HwiP_clearInterrupt                                             
01003ee5  HwiP_create                                                     
0100512b  HwiP_delete                                                     
01001785  HwiP_disable                                                    
01005291  HwiP_restore                                                    
010058ac  I2C_count                                                       
010058ad  I2S_count                                                       
010048b9  List_put                                                        
010048df  List_remove                                                     
01000841  PRCMCC3200MCUInit                                               
01004ec1  PRCMHIBRegRead                                                  
01004ed7  PRCMHIBRegWrite                                                 
010039e5  PRCMLPDSEnter                                                   
01004211  PRCMLPDSEnterKeepDebugIf                                        
01003cb9  PRCMLPDSRestoreInfoSet                                          
010047f1  PRCMPeripheralClkDisable                                        
01003a2d  PRCMPeripheralClkEnable                                         
0100338d  PRCMPeripheralReset                                             
0100303d  PRCMSysResetCauseGet                                            
010058ae  PWM_count                                                       
0100258d  PinConfigSet                                                    
0100435d  PinModeGet                                                      
01003f25  PinModeSet                                                      
01004c8d  PinToPadGet                                                     
01005504  PowerCC32XX_config                                              
01001d39  PowerCC32XX_configureWakeup                                     
20008820  PowerCC32XX_contextSave                                         
01003cfd  PowerCC32XX_enterLPDS                                           
01004819  PowerCC32XX_initPolicy                                          
20008a24  PowerCC32XX_module                                              
01003595  PowerCC32XX_parkPin                                             
010042b9  PowerCC32XX_restoreParkedPin                                    
010035e7  PowerCC32XX_resumeLPDS                                          
01002f71  PowerCC32XX_setParkState                                        
01000e35  PowerCC32XX_sleepPolicy                                         
01005139  Power_getConstraintMask                                         
01004f05  Power_getDependencyCount                                        
01004d59  Power_idleFunc                                                  
01002729  Power_init                                                      
01004841  Power_registerNotify                                            
01003a75  Power_releaseConstraint                                         
010033e5  Power_releaseDependency                                         
01003fa9  Power_setConstraint                                             
0100293d  Power_setDependency                                             
01001455  Power_sleep                                                     
01004acd  Power_unregisterNotify                                          
010058af  SDFatFS_count                                                   
010058b0  SD_count                                                        
UNDEFED   SHT$$INIT_ARRAY$$Base                                           
UNDEFED   SHT$$INIT_ARRAY$$Limit                                          
010058b1  SPI_count                                                       
01005263  SemaphoreP_Params_init                                          
01003fe5  SemaphoreP_create                                               
010046b9  SemaphoreP_createBinary                                         
01005145  SemaphoreP_delete                                               
01004f91  SemaphoreP_pend                                                 
01001875  SemaphoreP_post                                                 
0100368d  TimerCC32XX_allocateTimerResource                               
010041d5  TimerCC32XX_close                                               
010044cb  TimerCC32XX_control                                             
01004391  TimerCC32XX_freeTimerResource                                   
010057e0  TimerCC32XX_fxnTable                                            
01004d71  TimerCC32XX_getCount                                            
01002227  TimerCC32XX_init                                                
01001211  TimerCC32XX_open                                                
01002ab1  TimerCC32XX_start                                               
0100343d  TimerCC32XX_stop                                                
01004325  TimerControlStall                                               
01004c31  TimerDisable                                                    
01004c4f  TimerEnable                                                     
01004fa3  TimerIntClear                                                   
01004d89  TimerIntDisable                                                 
01004da1  TimerIntEnable                                                  
0100479d  TimerLoadSet                                                    
010047c7  TimerPrescaleSet                                                
01004fed  Timer_Params_init                                               
01005608  Timer_config                                                    
010058b2  Timer_count                                                     
01003d41  Timer_init                                                      
01004021  Timer_open                                                      
01005245  Timer_start                                                     
010058b3  UART_count                                                      
01004503  UtilsDelay                                                      
010058b4  Watchdog_count                                                  
00000000  __ASM__                                                         
0000007f  __ISA__                                                         
00000092  __PLAT__                                                        
20040000  __STACK_END                                                     
00000400  __STACK_SIZE                                                    
000000b9  __TARG__                                                        
01005c50  __TI_CINIT_Base                                                 
01005c60  __TI_CINIT_Limit                                                
01005c38  __TI_Handler_Table_Base                                         
01005c44  __TI_Handler_Table_Limit                                        
01001e85  __TI_auto_init                                                  
01002dd5  __TI_decompress_lzss                                            
010050e1  __TI_decompress_none                                            
ffffffff  __TI_pprof_out_hndl                                             
ffffffff  __TI_prof_data_size                                             
ffffffff  __TI_prof_data_start                                            
010059f8  __TI_static_base__                                              
01005169  __TI_zero_init                                                  
000000de  __TRDR__                                                        
01002a37  __aeabi_idiv0                                                   
01002a37  __aeabi_ldiv0                                                   
01004dd1  __aeabi_lmul                                                    
010029bd  __aeabi_memclr                                                  
010029bd  __aeabi_memclr4                                                 
010029bd  __aeabi_memclr8                                                 
01001fc5  __aeabi_memcpy                                                  
01001fc5  __aeabi_memcpy4                                                 
01001fc5  __aeabi_memcpy8                                                 
010029bf  __aeabi_memset                                                  
010029bf  __aeabi_memset4                                                 
010029bf  __aeabi_memset8                                                 
01002191  __aeabi_uldivmod                                                
ffffffff  __binit__                                                       
ffffffff  __c_args__                                                      
20008310  __primary_heap_end__                                            
20000310  __primary_heap_start__                                          
2003fc00  __stack                                                         
01004db9  _args_main                                                      
01003d85  _c_int00                                                        
2000908c  _lock                                                           
01002727  _nop                                                            
010046e9  _pthread_cleanupFxn                                             
01001f29  _pthread_removeThreadKeys                                       
01002b29  _pthread_runStub                                                
01005151  _register_lock                                                  
0100515d  _register_unlock                                                
20009090  _unlock                                                         
ffffffff  binit                                                           
010037cd  copy_in                                                         
20009064  gpioCallbackFunctions                                           
20008fd8  gpioPinConfigs                                                  
01005906  inPinTypes                                                      
01002e3d  main                                                            
01002ea5  mainThread                                                      
200090e4  main_func_sp                                                    
01001fc5  memcpy                                                          
010029c5  memset                                                          
0100590c  outPinStrengths                                                 
010058d0  outPinTypes                                                     
20008b90  parkInfo                                                        
01004909  pthread_attr_init                                               
010050f1  pthread_attr_setdetachstate                                     
01004f19  pthread_attr_setschedparam                                      
01005271  pthread_attr_setstacksize                                       
01001789  pthread_create                                                  
01002cf9  pthread_exit                                                    
01004509  pthread_setcancelstate                                          
20008fb4  ti_sysbios_BIOS_Module__state__V                                
01004e49  ti_sysbios_BIOS_RtsGateProxy_Handle__label__S                   
01001965  ti_sysbios_BIOS_RtsGateProxy_enter__E                           
01001f25  ti_sysbios_BIOS_RtsGateProxy_leave__E                           
010052d1  ti_sysbios_BIOS_RtsGateProxy_query__E                           
01004539  ti_sysbios_BIOS_atExitFunc__I                                   
01004eed  ti_sysbios_BIOS_exitFunc__I                                     
01005001  ti_sysbios_BIOS_getCpuFreq__E                                   
010052e1  ti_sysbios_BIOS_linkedWithIncorrectBootLibrary__E               
01003493  ti_sysbios_BIOS_nullFunc__I                                     
0100492d  ti_sysbios_BIOS_registerRTSLock__I                              
01004951  ti_sysbios_BIOS_removeRTSLock__I                                
01004aed  ti_sysbios_BIOS_rtsLock__I                                      
01004de9  ti_sysbios_BIOS_rtsUnlock__I                                    
01005011  ti_sysbios_BIOS_setThreadType__E                                
01004569  ti_sysbios_BIOS_startFunc__I                                    
01005021  ti_sysbios_BIOS_start__E                                        
01005918  ti_sysbios_family_arm_m3_Hwi_E_alreadyDefined__C                
01004099  ti_sysbios_family_arm_m3_Hwi_Instance_finalize__E               
010020f9  ti_sysbios_family_arm_m3_Hwi_Instance_init__E                   
2000908a  ti_sysbios_family_arm_m3_Hwi_Module_State_0_excActive__A        
200090e8  ti_sysbios_family_arm_m3_Hwi_Module_State_0_excContext__A       
200090ec  ti_sysbios_family_arm_m3_Hwi_Module_State_0_excStack__A         
010056de  ti_sysbios_family_arm_m3_Hwi_Module__id__C                      
20009094  ti_sysbios_family_arm_m3_Hwi_Module__root__V                    
01004e01  ti_sysbios_family_arm_m3_Hwi_Module__startupDone__F             
01004e01  ti_sysbios_family_arm_m3_Hwi_Module__startupDone__S             
20008ef4  ti_sysbios_family_arm_m3_Hwi_Module__state__V                   
010036e1  ti_sysbios_family_arm_m3_Hwi_Module_startup__E                  
0100591c  ti_sysbios_family_arm_m3_Hwi_NUM_INTERRUPTS__C                  
010056e0  ti_sysbios_family_arm_m3_Hwi_Object__DESC__C                    
01005580  ti_sysbios_family_arm_m3_Hwi_Object__PARAMS__C                  
01005920  ti_sysbios_family_arm_m3_Hwi_Object__count__C                   
01004b0d  ti_sysbios_family_arm_m3_Hwi_Object__delete__S                  
01004f2d  ti_sysbios_family_arm_m3_Hwi_Object__get__S                     
20009034  ti_sysbios_family_arm_m3_Hwi_Object__table__V                   
01005181  ti_sysbios_family_arm_m3_Hwi_Params__init__S                    
01005924  ti_sysbios_family_arm_m3_Hwi_ccr__C                             
01004b31  ti_sysbios_family_arm_m3_Hwi_clearInterrupt__E                  
01003495  ti_sysbios_family_arm_m3_Hwi_create                             
0100234d  ti_sysbios_family_arm_m3_Hwi_delete                             
01005191  ti_sysbios_family_arm_m3_Hwi_disableFxn__E                      
01003ac1  ti_sysbios_family_arm_m3_Hwi_disableInterrupt__E                
01002fd9  ti_sysbios_family_arm_m3_Hwi_dispatchC__I                       
20008310  ti_sysbios_family_arm_m3_Hwi_dispatchTable                      
01001a39  ti_sysbios_family_arm_m3_Hwi_dispatch__I                        
01005279  ti_sysbios_family_arm_m3_Hwi_doSwiRestore__I                    
01005289  ti_sysbios_family_arm_m3_Hwi_doTaskRestore__I                   
01003b09  ti_sysbios_family_arm_m3_Hwi_enableInterrupt__E                 
01004b51  ti_sysbios_family_arm_m3_Hwi_excHandlerAsm__I                   
01005928  ti_sysbios_family_arm_m3_Hwi_excHandlerFunc__C                  
01004b71  ti_sysbios_family_arm_m3_Hwi_excHandler__I                      
[...]
01004f55  ti_sysbios_heaps_HeapMem_Object__get__S                         
01004f69  ti_sysbios_knl_Clock_tickReconfig__E                            
01004f7d  ti_sysbios_knl_Swi_Object__get__S                               
01004f91  SemaphoreP_pend                                                 
01004fa3  TimerIntClear                                                   
01004fb9  ti_sysbios_hal_Hwi_Module_startup__E                            
01004fcb  xdc_runtime_Startup_exec__I                                     
01004fdd  HwiP_Params_init                                                
01004fed  Timer_Params_init                                               
01005001  ti_sysbios_BIOS_getCpuFreq__E                                   
01005011  ti_sysbios_BIOS_setThreadType__E                                
01005021  ti_sysbios_BIOS_start__E                                        
01005031  ti_sysbios_family_arm_m3_TaskSupport_glue                       
01005041  ti_sysbios_family_arm_m3_TaskSupport_swap__E                    
01005041  ti_sysbios_knl_Task_SupportProxy_swap__E                        
01005049  ti_sysbios_knl_Task_swapReturn                                  
01005051  ti_sysbios_gates_GateMutex_Instance_finalize__E                 
01005061  ti_sysbios_knl_Mailbox_Object__get__S                           
01005071  ti_sysbios_knl_Semaphore_Instance_finalize__E                   
01005081  ti_sysbios_knl_Swi_disable__E                                   
01005091  ti_sysbios_knl_Task_Object__get__S                              
010050a1  ti_sysbios_knl_Task_disable__E                                  
010050b1  xdc_runtime_Memory_free__E                                      
010050c1  xdc_runtime_SysCallback_abort__E                                
010050c1  xdc_runtime_System_SupportProxy_abort__E                        
010050d1  xdc_runtime_SysCallback_exit__E                                 
010050d1  xdc_runtime_System_SupportProxy_exit__E                         
010050e1  __TI_decompress_none                                            
010050f1  pthread_attr_setdetachstate                                     
01005101  ti_sysbios_knl_Idle_loop__E                                     
01005111  ti_sysbios_knl_Queue_empty__E                                   
0100511f  CC3220SF_LAUNCHXL_initGeneral                                   
0100512b  HwiP_delete                                                     
01005139  Power_getConstraintMask                                         
01005145  SemaphoreP_delete                                               
01005151  _register_lock                                                  
0100515d  _register_unlock                                                
01005169  __TI_zero_init                                                  
01005181  ti_sysbios_family_arm_m3_Hwi_Params__init__S                    
01005181  ti_sysbios_hal_Hwi_HwiProxy_Params__init__S                     
01005191  ti_sysbios_family_arm_m3_Hwi_disableFxn__E                      
01005191  ti_sysbios_hal_Hwi_HwiProxy_disable__E                          
010051a1  ti_sysbios_family_arm_m3_TaskSupport_getStackAlignment__E       
010051a1  ti_sysbios_knl_Task_SupportProxy_getStackAlignment__E           
010051b1  ti_sysbios_gates_GateHwi_enter__E                               
010051c1  ClockP_getSystemTicks                                           
010051c1  ti_sysbios_knl_Clock_getTicks__E                                
010051d1  ti_sysbios_knl_Clock_setTicks__E                                
010051e1  ti_sysbios_knl_Clock_tickStart__E                               
010051f1  ti_sysbios_knl_Clock_tickStop__E                                
010051fd  ti_sysbios_knl_Queue_Object__get__S                             
01005209  ti_sysbios_knl_Semaphore_Params__init__S                        
01005215  ti_sysbios_knl_Task_Params__init__S                             
01005221  ti_sysbios_rts_ti_ReentSupport_taskRegHook__I                   
0100522d  timerCallback                                                   
01005239  xdc_runtime_Startup_rtsDone__E                                  
01005245  Timer_start                                                     
0100524f  xdc_runtime_Memory_HeapProxy_alloc__E                           
01005259  xdc_runtime_Memory_HeapProxy_free__E                            
01005263  SemaphoreP_Params_init                                          
01005271  pthread_attr_setstacksize                                       
01005279  ti_sysbios_family_arm_m3_Hwi_doSwiRestore__I                    
01005281  ti_sysbios_family_arm_m3_Hwi_startup__E                         
01005281  ti_sysbios_hal_Hwi_HwiProxy_startup__E                          
01005281  ti_sysbios_hal_Hwi_startup__E                                   
01005289  ti_sysbios_family_arm_m3_Hwi_doTaskRestore__I                   
01005291  HwiP_restore                                                    
01005291  ti_sysbios_family_arm_m3_Hwi_restoreFxn__E                      
01005291  ti_sysbios_hal_Hwi_HwiProxy_restore__E                          
01005299  ti_sysbios_gates_GateHwi_leave__E                               
010052a1  ti_sysbios_heaps_HeapMem_isBlocking__E                          
010052a9  ti_sysbios_knl_Queue_Instance_init__E                           
010052b1  ti_sysbios_knl_Swi_startup__E                                   
010052b9  xdc_runtime_System_Module_startup__E                            
010052c1  ti_sysbios_family_arm_m3_Timer_getMaxTicks__E                   
010052c9  ti_sysbios_gates_GateHwi_query__E                               
010052c9  xdc_runtime_Main_Module_GateProxy_query__E                      
010052c9  xdc_runtime_System_Module_GateProxy_query__E                    
010052d1  ti_sysbios_BIOS_RtsGateProxy_query__E                           
010052d1  ti_sysbios_gates_GateMutex_query__E                             
010052d1  ti_sysbios_heaps_HeapMem_Module_GateProxy_query__E              
010052d9  ti_sysbios_knl_Task_startup__E                                  
010052e1  ti_sysbios_BIOS_linkedWithIncorrectBootLibrary__E               
010052e9  ti_sysbios_gates_GateHwi_Instance_init__E                       
010052f1  ti_sysbios_knl_Clock_logTick__E                                 
010052f9  xdc_runtime_SysCallback_defaultAbort                            
01005301  xdc_runtime_SysCallback_defaultExit                             
01005309  xdc_runtime_System_abortSpin__E                                 
01005311  xdc_runtime_System_exitSpin__E                                  
01005504  PowerCC32XX_config                                              
01005544  ti_sysbios_knl_Task_Object__PARAMS__C                           
01005580  ti_sysbios_family_arm_m3_Hwi_Object__PARAMS__C                  
010055b0  timerCC3220SFHWAttrs                                            
010055e0  ti_sysbios_heaps_HeapMem_Module__FXNS__C                        
01005608  Timer_config                                                    
0100562c  ti_sysbios_gates_GateHwi_Module__FXNS__C                        
01005650  ti_sysbios_gates_GateMutex_Module__FXNS__C                      
01005674  ti_sysbios_heaps_HeapMem_Object__PARAMS__C                      
01005698  ti_sysbios_knl_Semaphore_Object__PARAMS__C                      
010056dd  ti_sysbios_knl_Clock_tickMode__C                                
010056de  ti_sysbios_family_arm_m3_Hwi_Module__id__C                      
010056e0  ti_sysbios_family_arm_m3_Hwi_Object__DESC__C                    
01005700  ti_sysbios_gates_GateHwi_Object__DESC__C                        
01005720  ti_sysbios_gates_GateMutex_Object__DESC__C                      
01005740  ti_sysbios_heaps_HeapMem_Object__DESC__C                        
01005760  ti_sysbios_knl_Queue_Object__DESC__C                            
01005780  ti_sysbios_knl_Semaphore_Object__DESC__C                        
010057a0  ti_sysbios_knl_Task_Object__DESC__C                             
010057c0  xdc_runtime_Startup_sfxnTab__A                                  
010057e0  TimerCC32XX_fxnTable                                            
010057fc  ti_sysbios_gates_GateHwi_Object__PARAMS__C                      
01005814  ti_sysbios_gates_GateMutex_Object__PARAMS__C                    
0100582c  ti_sysbios_knl_Queue_Object__PARAMS__C                          
01005844  ti_sysbios_knl_Task_hooks__A                                    
0100585c  GPIOCC32XX_config                                               
01005898  xdc_runtime_Startup_sfxnRts__A                                  
010058a8  ADC_count                                                       
010058a9  Capture_count                                                   
010058aa  CryptoCC32XX_count                                              
010058ab  Display_count                                                   
010058ac  I2C_count                                                       
010058ad  I2S_count                                                       
010058ae  PWM_count                                                       
010058af  SDFatFS_count                                                   
010058b0  SD_count                                                        
010058b1  SPI_count                                                       
010058b2  Timer_count                                                     
010058b3  UART_count                                                      
010058b4  Watchdog_count                                                  
010058b5  ti_sysbios_knl_Clock_tickSource__C                              
010058b6  ti_sysbios_family_arm_m3_Timer_Module__id__C                    
010058c4  xdc_runtime_Startup_firstFxns__A                                
010058d0  outPinTypes                                                     
010058d8  ti_sysbios_knl_Idle_funcList__A                                 
010058e0  ti_sysbios_knl_Idle_funcList__C                                 
010058e8  ti_sysbios_knl_Task_hooks__C                                    
010058f0  xdc_runtime_Startup_firstFxns__C                                
010058f8  xdc_runtime_Startup_lastFxns__C                                 
01005906  inPinTypes                                                      
0100590c  outPinStrengths                                                 
01005916  ti_sysbios_heaps_HeapMem_Module__id__C                          
01005918  ti_sysbios_family_arm_m3_Hwi_E_alreadyDefined__C                
0100591c  ti_sysbios_family_arm_m3_Hwi_NUM_INTERRUPTS__C                  
01005920  ti_sysbios_family_arm_m3_Hwi_Object__count__C                   
01005924  ti_sysbios_family_arm_m3_Hwi_ccr__C                             
01005928  ti_sysbios_family_arm_m3_Hwi_excHandlerFunc__C                  
0100592c  ti_sysbios_family_arm_m3_Hwi_nullIsrFunc__C                     
01005930  ti_sysbios_family_arm_m3_Hwi_priGroup__C                        
01005934  ti_sysbios_family_arm_m3_Hwi_swiDisable__C                      
01005938  ti_sysbios_family_arm_m3_Hwi_swiRestoreHwi__C                   
0100593c  ti_sysbios_family_arm_m3_TaskSupport_stackAlignment__C          
01005940  ti_sysbios_family_arm_m3_Timer_E_cannotSupport__C               
01005944  ti_sysbios_family_arm_m3_Timer_startupNeeded__C                 
01005948  ti_sysbios_gates_GateMutex_Instance_State_sem__O                
0100594c  ti_sysbios_heaps_HeapMem_E_memory__C                            
01005950  ti_sysbios_heaps_HeapMem_Module__gateObj__C                     
01005954  ti_sysbios_heaps_HeapMem_Object__count__C                       
01005958  ti_sysbios_heaps_HeapMem_primaryHeapBaseAddr__C                 
0100595c  ti_sysbios_heaps_HeapMem_primaryHeapEndAddr__C                  
01005960  ti_sysbios_heaps_HeapMem_reqAlign__C                            
01005964  ti_sysbios_knl_Clock_Module_State_clockQ__O                     
01005968  ti_sysbios_knl_Clock_tickPeriod__C                              
0100596c  ti_sysbios_knl_Mailbox_Instance_State_freeQue__O                
01005970  ti_sysbios_knl_Mailbox_Object__count__C                         
01005974  ti_sysbios_knl_Mailbox_maxTypeAlign__C                          
01005978  ti_sysbios_knl_Semaphore_Instance_State_pendQ__O                
0100597c  ti_sysbios_knl_Swi_Object__count__C                             
01005980  ti_sysbios_knl_Task_Module_State_inactiveQ__O                   
01005984  ti_sysbios_knl_Task_Object__count__C                            
01005988  ti_sysbios_knl_Task_Object__heap__C                             
0100598c  ti_sysbios_knl_Task_allBlockedFunc__C                           
01005990  ti_sysbios_knl_Task_defaultStackHeap__C                         
01005994  ti_sysbios_knl_Task_defaultStackSize__C                         
01005998  ti_sysbios_knl_Task_numConstructedTasks__C                      
0100599c  xdc_runtime_Error_E_memory__C                                   
010059a0  xdc_runtime_Error_policyFxn__C                                  
010059a4  xdc_runtime_IGateProvider_Interface__BASE__C                    
010059a8  xdc_runtime_IHeap_Interface__BASE__C                            
010059ac  xdc_runtime_IModule_Interface__BASE__C                          
010059b0  xdc_runtime_Memory_defaultHeapInstance__C                       
010059b4  xdc_runtime_Startup_execImpl__C                                 
010059b8  xdc_runtime_Startup_maxPasses__C                                
010059bc  xdc_runtime_Startup_sfxnRts__C                                  
010059c0  xdc_runtime_Startup_sfxnTab__C                                  
010059c4  xdc_runtime_SysCallback_abortFxn__C                             
010059c8  xdc_runtime_SysCallback_exitFxn__C                              
010059cc  xdc_runtime_System_Module__gateObj__C                           
010059d0  xdc_runtime_System_abortFxn__C                                  
010059d4  xdc_runtime_System_exitFxn__C                                   
010059d8  xdc_runtime_System_maxAtexitHandlers__C                         
010059dc  xdc_runtime_Text_charTab__C                                     
010059e0  xdc_runtime_Text_nameEmpty__C                                   
010059e4  xdc_runtime_Text_nameStatic__C                                  
010059e8  xdc_runtime_Text_nameUnknown__C                                 
010059ec  xdc_runtime_Memory_Module__id__C                                
010059ee  xdc_runtime_Text_charCnt__C                                     
010059f0  xdc_runtime_Text_isLoaded__C                                    
010059f2  xdc_runtime_Error_policy__C                                     
010059f3  xdc_runtime_Text_charTab__A                                     
010059f8  __TI_static_base__                                              
01005c38  __TI_Handler_Table_Base                                         
01005c44  __TI_Handler_Table_Limit                                        
01005c50  __TI_CINIT_Base                                                 
01005c60  __TI_CINIT_Limit                                                
20000000  ti_sysbios_family_arm_m3_Hwi_ramVectors                         
20000310  __primary_heap_start__                                          
20008310  __primary_heap_end__                                            
20008310  ti_sysbios_family_arm_m3_Hwi_dispatchTable                      
20008620  ti_sysbios_knl_Task_Instance_State_0_stack__A                   
20008820  PowerCC32XX_contextSave                                         
2000894c  timerCC3220SFObjects                                            
20008a20  ti_sysbios_knl_Task_Instance_State_0_hookEnv__A                 
20008a24  PowerCC32XX_module                                              
20008b90  parkInfo                                                        
20008d10  ti_sysbios_knl_Swi_Module_State_0_readyQ__A                     
20008d90  ti_sysbios_knl_Task_Module_State_0_readyQ__A                    
20008e10  ti_sysbios_gates_GateMutex_Object__table__V                     
20008e64  ti_sysbios_knl_Task_Object__table__V                            
20008eb0  ti_sysbios_knl_Task_Module__state__V                            
20008ef4  ti_sysbios_family_arm_m3_Hwi_Module__state__V                   
20008f28  ti_sysbios_family_arm_m3_Timer_Object__table__V                 
20008f58  ti_sysbios_knl_Swi_Object__table__V                             
20008f88  ti_sysbios_knl_Clock_Module__state__V                           
20008fb4  ti_sysbios_BIOS_Module__state__V                                
20008fd8  gpioPinConfigs                                                  
20008ff8  xdc_runtime_Error_IgnoreBlock                                   
20009018  ti_sysbios_knl_Swi_Module__state__V                             
20009034  ti_sysbios_family_arm_m3_Hwi_Object__table__V                   
2000904c  ti_sysbios_heaps_HeapMem_Object__table__V                       
20009064  gpioCallbackFunctions                                           
20009074  ti_sysbios_family_arm_m3_Timer_Module__state__V                 
2000908a  ti_sysbios_family_arm_m3_Hwi_Module_State_0_excActive__A        
2000908c  _lock                                                           
20009090  _unlock                                                         
20009094  ti_sysbios_family_arm_m3_Hwi_Module__root__V                    
2000909c  ti_sysbios_gates_GateHwi_Module__root__V                        
200090a4  ti_sysbios_gates_GateMutex_Module__root__V                      
200090ac  ti_sysbios_heaps_HeapMem_Module__root__V                        
200090b4  ti_sysbios_knl_Queue_Module__root__V                            
200090bc  ti_sysbios_knl_Semaphore_Module__root__V                        
200090c4  ti_sysbios_knl_Task_Module__root__V                             
200090cc  xdc_runtime_Startup_Module__state__V                            
200090d4  xdc_runtime_System_Module_State_0_atexitHandlers__A             
200090dc  xdc_runtime_System_Module__state__V                             
200090e4  main_func_sp                                                    
200090e8  ti_sysbios_family_arm_m3_Hwi_Module_State_0_excContext__A       
200090ec  ti_sysbios_family_arm_m3_Hwi_Module_State_0_excStack__A         
200090f0  ti_sysbios_gates_GateHwi_Object__table__V                       
200090f4  ti_sysbios_knl_Task_Module_State_0_idleTask__A                  
200090f8  ti_sysbios_rts_ti_ReentSupport_Module__state__V                 
200090fc  xdc_runtime_Memory_Module__state__V                             
2003fc00  __stack                                                         
20040000  __STACK_END                                                     
e000e000  ti_sysbios_family_arm_m3_Hwi_nvic                               
ffffffff  __TI_pprof_out_hndl                                             
ffffffff  __TI_prof_data_size                                             
ffffffff  __TI_prof_data_start                                            
ffffffff  __binit__                                                       
ffffffff  __c_args__                                                      
ffffffff  binit                                                           
UNDEFED   SHT$$INIT_ARRAY$$Base                                           
UNDEFED   SHT$$INIT_ARRAY$$Limit                                          

[525 symbols]
